[templates.envytheme.com/rimu/default/index.html]
[templates.envytheme.com/rimu/default/assets/css/bootstrap.min.css]
[templates.envytheme.com/rimu/default/assets/css/owl.theme.default.min.css]
[templates.envytheme.com/rimu/default/assets/css/owl.carousel.min.css]
[templates.envytheme.com/rimu/default/assets/css/animate.min.css]
[templates.envytheme.com/rimu/default/assets/css/flaticon.css]
[templates.envytheme.com/rimu/default/assets/css/font-awesome.min.css]
[templates.envytheme.com/rimu/default/assets/css/meanmenu.min.css]
[templates.envytheme.com/rimu/default/assets/css/nice-select.min.css]
[templates.envytheme.com/rimu/default/assets/css/imagelightbox.min.css]
[templates.envytheme.com/rimu/default/assets/css/odometer.min.css]
[templates.envytheme.com/rimu/default/assets/css/style.css]
[templates.envytheme.com/rimu/default/assets/css/responsive.css]
[templates.envytheme.com/rimu/default/assets/img/favicon.png]
[backblue.gif]
[fade.gif]
[index.html]
[templates.envytheme.com/rimu/default/assets/img/rimu-logo.png]
[templates.envytheme.com/rimu/default/index-2.html]
[templates.envytheme.com/rimu/default/index-3.html]
[templates.envytheme.com/rimu/default/index-4.html]
[templates.envytheme.com/rimu/default/index-5.html]
[templates.envytheme.com/rimu/default/about.html]
[templates.envytheme.com/rimu/default/services.html]
[templates.envytheme.com/rimu/default/services-grid.html]
[templates.envytheme.com/rimu/default/service-details.html]
[templates.envytheme.com/rimu/default/cart.html]
[templates.envytheme.com/rimu/default/checkout.html]
[templates.envytheme.com/rimu/default/shop-grid-view.html]
[templates.envytheme.com/rimu/default/shop-list-view.html]
[templates.envytheme.com/rimu/default/shop-filter-view.html]
[templates.envytheme.com/rimu/default/product-details.html]
[templates.envytheme.com/rimu/default/product-left-sidebar.html]
[templates.envytheme.com/rimu/default/product-right-sidebar.html]
[templates.envytheme.com/rimu/default/blog-grid.html]
[templates.envytheme.com/rimu/default/blog-right-sidebar.html]
[templates.envytheme.com/rimu/default/blog-left-sidebar.html]
[templates.envytheme.com/rimu/default/blog-details.html]
[templates.envytheme.com/rimu/default/team.html]
[templates.envytheme.com/rimu/default/faq.html]
[templates.envytheme.com/rimu/default/coming-soon.html]
[templates.envytheme.com/rimu/default/404.html]
[templates.envytheme.com/rimu/default/log-in.html]
[templates.envytheme.com/rimu/default/sign-up.html]
[templates.envytheme.com/rimu/default/recover-password.html]
[templates.envytheme.com/rimu/default/contact.html]
[templates.envytheme.com/rimu/default/assets/img/instagram/1.jpg]
[templates.envytheme.com/rimu/default/assets/img/instagram/2.jpg]
[templates.envytheme.com/rimu/default/assets/img/instagram/3.jpg]
[templates.envytheme.com/rimu/default/assets/img/instagram/4.jpg]
[templates.envytheme.com/rimu/default/assets/img/instagram/5.jpg]
[templates.envytheme.com/rimu/default/assets/img/instagram/6.jpg]
[templates.envytheme.com/rimu/default/play-video]
[templates.envytheme.com/rimu/default/assets/img/banner/1.png]
[templates.envytheme.com/rimu/default/assets/img/shape/1.png]
[templates.envytheme.com/rimu/default/assets/img/shape/2.png]
[templates.envytheme.com/rimu/default/assets/img/shape/3.png]
[templates.envytheme.com/rimu/default/assets/img/shape/10.png]
[templates.envytheme.com/rimu/default/assets/img/shape/8.png]
[templates.envytheme.com/rimu/default/assets/img/shape/9.png]
[templates.envytheme.com/rimu/default/assets/img/about-1.png]
[templates.envytheme.com/rimu/default/assets/img/shape/4.png]
[templates.envytheme.com/rimu/default/assets/img/shape/5.png]
[templates.envytheme.com/rimu/default/assets/img/shape/6.png]
[templates.envytheme.com/rimu/default/assets/img/shape/7.png]
[templates.envytheme.com/rimu/default/assets/img/product/2.jpg]
[templates.envytheme.com/rimu/default/assets/img/product/1.jpg]
[templates.envytheme.com/rimu/default/assets/img/product/3.jpg]
[templates.envytheme.com/rimu/default/assets/img/product/4.jpg]
[templates.envytheme.com/rimu/default/assets/img/product/5.jpg]
[templates.envytheme.com/rimu/default/assets/img/product/6.jpg]
[templates.envytheme.com/rimu/default/assets/img/product/7.jpg]
[templates.envytheme.com/rimu/default/assets/img/product/8.jpg]
[templates.envytheme.com/rimu/default/assets/img/services/1.jpg]
[templates.envytheme.com/rimu/default/assets/img/services/2.jpg]
[templates.envytheme.com/rimu/default/assets/img/services/3.jpg]
[templates.envytheme.com/rimu/default/assets/img/services/4.jpg]
[templates.envytheme.com/rimu/default/shop.html]
[templates.envytheme.com/rimu/default/assets/img/gallery/1.jpg]
[templates.envytheme.com/rimu/default/assets/img/gallery/2.jpg]
[templates.envytheme.com/rimu/default/assets/img/gallery/3.jpg]
[templates.envytheme.com/rimu/default/assets/img/gallery/4.jpg]
[templates.envytheme.com/rimu/default/assets/img/gallery/5.jpg]
[templates.envytheme.com/rimu/default/assets/img/testimonial/6.jpg]
[templates.envytheme.com/rimu/default/assets/img/testimonial/1.jpg]
[templates.envytheme.com/rimu/default/assets/img/testimonial/2.jpg]
[templates.envytheme.com/rimu/default/assets/img/testimonial/3.jpg]
[templates.envytheme.com/rimu/default/assets/img/faq-img.jpg]
[templates.envytheme.com/rimu/default/assets/img/blog/1.jpg]
[templates.envytheme.com/rimu/default/assets/img/blog/2.jpg]
[templates.envytheme.com/rimu/default/assets/img/blog/3.jpg]
[templates.envytheme.com/rimu/default/assets/img/blog/4.jpg]
[templates.envytheme.com/rimu/default/assets/img/partner/1.png]
[templates.envytheme.com/rimu/default/assets/img/partner/2.png]
[templates.envytheme.com/rimu/default/assets/img/partner/3.png]
[templates.envytheme.com/rimu/default/assets/img/partner/4.png]
[templates.envytheme.com/rimu/default/assets/img/partner/5.png]
[templates.envytheme.com/cdn-cgi/scripts/5c5dd728/cloudflare-static/email-decode.min.js]
[templates.envytheme.com/rimu/default/assets/js/jquery.min.js]
[templates.envytheme.com/rimu/default/assets/js/bootstrap.bundle.min.js]
[templates.envytheme.com/rimu/default/assets/js/meanmenu.min.js]
[templates.envytheme.com/rimu/default/assets/js/wow.min.js]
[templates.envytheme.com/rimu/default/assets/js/owl.carousel.min.js]
[templates.envytheme.com/rimu/default/assets/js/mixitup.min.js]
[templates.envytheme.com/rimu/default/assets/js/nice-select.min.js]
[templates.envytheme.com/rimu/default/assets/js/imagelightbox.min.js]
[templates.envytheme.com/rimu/default/assets/js/appear.min.js]
[templates.envytheme.com/rimu/default/assets/js/odometer.min.js]
[templates.envytheme.com/rimu/default/assets/js/form-validator.min.js]
[templates.envytheme.com/rimu/default/assets/js/contact-form-script.js]
[templates.envytheme.com/rimu/default/assets/js/ajaxchimp.min.js]
[templates.envytheme.com/rimu/default/index.html]
[templates.envytheme.com/rimu/default/assets/css/bootstrap.min.css]
[templates.envytheme.com/rimu/default/assets/css/owl.theme.default.min.css]
[templates.envytheme.com/rimu/default/assets/js/custom.js]
[templates.envytheme.com/rimu/default/assets/css/owl.video.play.png]
[templates.envytheme.com/rimu/default/assets/css/owl.carousel.min.css]
[templates.envytheme.com/rimu/default/assets/css/animate.min.css]
[templates.envytheme.com/rimu/default/assets/css/Flaticon.eot]
[templates.envytheme.com/rimu/default/assets/fonts/Flaticond41d.eot]
[templates.envytheme.com/rimu/default/assets/fonts/Flaticon.woff2]
[templates.envytheme.com/rimu/default/assets/fonts/Flaticon.woff]
[templates.envytheme.com/rimu/default/assets/fonts/Flaticon.ttf]
[templates.envytheme.com/rimu/default/assets/fonts/Flaticon.svg]
[templates.envytheme.com/rimu/default/assets/css/flaticon.css]
[templates.envytheme.com/rimu/default/assets/fonts/fontawesome-webfont3e6e.eot]
[templates.envytheme.com/rimu/default/assets/fonts/fontawesome-webfontd41d.eot]
[templates.envytheme.com/rimu/default/assets/fonts/fontawesome-webfont3e6e.woff2]
[templates.envytheme.com/rimu/default/assets/fonts/fontawesome-webfont3e6e.woff]
[templates.envytheme.com/rimu/default/assets/fonts/fontawesome-webfont3e6e.ttf]
[templates.envytheme.com/rimu/default/assets/css/font-awesome.min.css]
[templates.envytheme.com/rimu/default/assets/css/meanmenu.min.css]
[templates.envytheme.com/rimu/default/assets/css/nice-select.min.css]
[templates.envytheme.com/rimu/default/assets/css/imagelightbox.min.css]
[templates.envytheme.com/rimu/default/assets/css/odometer.min.css]
[templates.envytheme.com/rimu/default/assets/fonts/fontawesome-webfont3e6e.svg]
[templates.envytheme.com/rimu/default/assets/img/see-product-bg.jpg]
[templates.envytheme.com/rimu/default/assets/img/shape/11.png]
[templates.envytheme.com/rimu/default/assets/img/testimonial/bg.jpg]
[templates.envytheme.com/rimu/default/assets/img/page-bg.jpg]
[templates.envytheme.com/rimu/default/assets/img/coming-soon-bg.png]
[templates.envytheme.com/rimu/default/assets/img/blog-details/2.jpg]
[templates.envytheme.com/rimu/default/assets/img/blog-details/3.jpg]
[templates.envytheme.com/rimu/default/assets/img/blog-details/4.jpg]
[templates.envytheme.com/rimu/default/assets/img/blog-details/5.jpg]
[templates.envytheme.com/rimu/default/assets/img/blog-details/6.jpg]
[templates.envytheme.com/rimu/default/assets/img/testimonial/bg-two.jpg]
[templates.envytheme.com/rimu/default/assets/img/subscribe-bg.jpg]
[templates.envytheme.com/rimu/default/assets/img/slider/1.jpg]
[templates.envytheme.com/rimu/default/assets/img/slider/2.jpg]
[templates.envytheme.com/rimu/default/assets/css/style.css]
[templates.envytheme.com/rimu/default/assets/img/product-details/1.png]
[templates.envytheme.com/rimu/default/assets/css/responsive.css]
[templates.envytheme.com/rimu/default/assets/img/home-two-logo.png]
[templates.envytheme.com/rimu/default/assets/img/video.mp4]
[templates.envytheme.com/rimu/default/assets/img/team/1.jpg]
[templates.envytheme.com/rimu/default/assets/img/team/2.jpg]
[templates.envytheme.com/rimu/default/assets/img/team/3.jpg]
[templates.envytheme.com/rimu/default/assets/img/choose-img.png]
[templates.envytheme.com/rimu/default/index-2.html]
[templates.envytheme.com/rimu/default/assets/img/home-three-logo.png]
[templates.envytheme.com/rimu/default/assets/img/about/1.jpg]
[templates.envytheme.com/rimu/default/assets/img/team/4.jpg]
[templates.envytheme.com/rimu/default/assets/img/choose-img-three.png]
[templates.envytheme.com/rimu/default/index-3.html]
[templates.envytheme.com/rimu/default/assets/img/banner/3.png]
[templates.envytheme.com/rimu/default/assets/img/banner/2.png]
[templates.envytheme.com/rimu/default/assets/img/choose-us-img-four.png]
[templates.envytheme.com/rimu/default/assets/img/event-time.png]
[templates.envytheme.com/rimu/default/shop-details.html]
[templates.envytheme.com/rimu/default/index-4.html]
[templates.envytheme.com/rimu/default/assets/img/banner/5.png]
[templates.envytheme.com/rimu/default/assets/img/banner/4.png]
[templates.envytheme.com/rimu/default/assets/img/banner/6.png]
[templates.envytheme.com/rimu/default/assets/img/banner/7.png]
[templates.envytheme.com/rimu/default/index-5.html]
[templates.envytheme.com/rimu/default/about.html]
[templates.envytheme.com/rimu/default/services.html]
[templates.envytheme.com/rimu/default/assets/img/services/5.jpg]
[templates.envytheme.com/rimu/default/assets/img/services/6.jpg]
[templates.envytheme.com/rimu/default/services-grid.html]
[templates.envytheme.com/rimu/default/assets/img/service-details/1.jpg]
[templates.envytheme.com/rimu/default/assets/img/service-details/2.jpg]
[templates.envytheme.com/rimu/default/assets/img/service-details/3.jpg]
[templates.envytheme.com/rimu/default/assets/img/service-details/4.jpg]
[templates.envytheme.com/rimu/default/assets/img/service-details/5.jpg]
[templates.envytheme.com/rimu/default/service-details.html]
[templates.envytheme.com/rimu/default/assets/img/cart/1.jpg]
[templates.envytheme.com/rimu/default/assets/img/cart/2.jpg]
[templates.envytheme.com/rimu/default/assets/img/cart/3.jpg]
[templates.envytheme.com/rimu/default/assets/img/cart/4.jpg]
[templates.envytheme.com/rimu/default/cart.html]
[templates.envytheme.com/rimu/default/checkout.html]
[templates.envytheme.com/rimu/default/shop-grid-view.html]
[templates.envytheme.com/rimu/default/shop-list-view.html]
[templates.envytheme.com/rimu/default/shop-filter-view.html]
[templates.envytheme.com/rimu/default/assets/img/product-details/payment/1.svg]
[templates.envytheme.com/rimu/default/assets/img/product-details/payment/2.svg]
[templates.envytheme.com/rimu/default/assets/img/product-details/payment/3.svg]
[templates.envytheme.com/rimu/default/assets/img/product-details/payment/4.svg]
[templates.envytheme.com/rimu/default/assets/img/product-details/payment/5.svg]
[templates.envytheme.com/rimu/default/product-details.html]
[templates.envytheme.com/rimu/default/product-left-sidebar.html]
[templates.envytheme.com/rimu/default/product-right-sidebar.html]
[templates.envytheme.com/rimu/default/assets/img/product-details/payment/6.svg]
[templates.envytheme.com/rimu/default/assets/img/blog/5.jpg]
[templates.envytheme.com/rimu/default/assets/img/blog/6.jpg]
[templates.envytheme.com/rimu/default/blog-grid.html]
[templates.envytheme.com/rimu/default/blog-right-sidebar.html]
[templates.envytheme.com/rimu/default/blog-left-sidebar.html]
[templates.envytheme.com/rimu/default/assets/img/blog-details/1.jpg]
[templates.envytheme.com/rimu/default/assets/img/blog-details/11.jpg]
[templates.envytheme.com/rimu/default/assets/img/blog-details/10.jpg]
[templates.envytheme.com/rimu/default/assets/img/blog-details/12.jpg]
[templates.envytheme.com/rimu/default/blog-details.html]
[templates.envytheme.com/rimu/default/assets/img/team/5.jpg]
[templates.envytheme.com/rimu/default/team.html]
[templates.envytheme.com/rimu/default/faq.html]
[templates.envytheme.com/rimu/default/coming-soon.html]
[templates.envytheme.com/rimu/default/assets/img/404.jpg]
[templates.envytheme.com/rimu/default/404.html]
[templates.envytheme.com/rimu/default/log-in.html]
[templates.envytheme.com/rimu/default/sign-up.html]
[templates.envytheme.com/rimu/default/recover-password.html]
[templates.envytheme.com/rimu/default/terms-conditions.html]
[templates.envytheme.com/rimu/default/privacy-policy.html]
[templates.envytheme.com/rimu/default/contact.html]
[templates.envytheme.com/rimu/default/play-video.html]
[templates.envytheme.com/rimu/default/shop.html]
[templates.envytheme.com/rimu/default/assets/css/owl.video.play.html]
[templates.envytheme.com/rimu/default/assets/css/Flaticon.html]
[templates.envytheme.com/rimu/default/assets/fonts/Flaticon.html]
[templates.envytheme.com/rimu/default/assets/fonts/fontawesome-webfont3e6e.svg]
[templates.envytheme.com/rimu/default/assets/img/blog-details/6.html]
[templates.envytheme.com/rimu/default/shop-details.html]
[templates.envytheme.com/rimu/default/assets/img/product-details/payment/1.svg]
[templates.envytheme.com/rimu/default/assets/img/product-details/payment/2.svg]
[templates.envytheme.com/rimu/default/assets/img/product-details/payment/3.svg]
[templates.envytheme.com/rimu/default/assets/img/product-details/payment/4.svg]
[templates.envytheme.com/rimu/default/assets/img/product-details/payment/5.svg]
[templates.envytheme.com/rimu/default/assets/img/product-details/payment/6.svg]
[templates.envytheme.com/rimu/default/terms-conditions.html]
[templates.envytheme.com/rimu/default/privacy-policy.html]
